// Jest Snapshot v1, https://goo.gl/fbAQLP

exports[`Timeout component matches snapshot 1`] = `<span>2000</span>`;
